[     220ms] [INFO] %cDownload the React DevTools for a better development experience: https://reactjs.org/link/react-devtools font-weight:bold @ http://localhost:5173/node_modules/.vite/deps/chunk-TKA7E7G6.js?v=779908e4:21608
[     305ms] [ERROR] Failed to load resource: net::ERR_CONNECTION_REFUSED @ http://localhost:8080/api/v1/content?locale=en:0
[   44430ms] Error: useI18n must be used within I18nProvider
    at useI18n (http://localhost:5173/src/contexts/I18nContext.tsx?t=1788037205693:55:15)
    at CurrencyProvider (http://localhost:5173/src/contexts/CurrencyContext.tsx?t=1788037205693:17:35)
    at renderWithHooks (http://localhost:5173/node_modules/.vite/deps/chunk-TKA7E7G6.js?v=779908e4:11596:26)
    at mountIndeterminateComponent (http://localhost:5173/node_modules/.vite/deps/chunk-TKA7E7G6.js?v=779908e4:14974:21)
    at beginWork (http://localhost:5173/node_modules/.vite/deps/chunk-TKA7E7G6.js?v=779908e4:15962:22)
    at HTMLUnknownElement.callCallback2 (http://localhost:5173/node_modules/.vite/deps/chunk-TKA7E7G6.js?v=779908e4:3680:22)
    at Object.invokeGuardedCallbackDev (http://localhost:5173/node_modules/.vite/deps/chunk-TKA7E7G6.js?v=779908e4:3705:24)
    at invokeGuardedCallback (http://localhost:5173/node_modules/.vite/deps/chunk-TKA7E7G6.js?v=779908e4:3739:39)
    at beginWork$1 (http://localhost:5173/node_modules/.vite/deps/chunk-TKA7E7G6.js?v=779908e4:19818:15)
    at performUnitOfWork (http://localhost:5173/node_modules/.vite/deps/chunk-TKA7E7G6.js?v=779908e4:19251:20)
[   44431ms] Error: useI18n must be used within I18nProvider
    at useI18n (http://localhost:5173/src/contexts/I18nContext.tsx?t=1788037205693:55:15)
    at CurrencyProvider (http://localhost:5173/src/contexts/CurrencyContext.tsx?t=1788037205693:17:35)
    at renderWithHooks (http://localhost:5173/node_modules/.vite/deps/chunk-TKA7E7G6.js?v=779908e4:11596:26)
    at mountIndeterminateComponent (http://localhost:5173/node_modules/.vite/deps/chunk-TKA7E7G6.js?v=779908e4:14974:21)
    at beginWork (http://localhost:5173/node_modules/.vite/deps/chunk-TKA7E7G6.js?v=779908e4:15962:22)
    at HTMLUnknownElement.callCallback2 (http://localhost:5173/node_modules/.vite/deps/chunk-TKA7E7G6.js?v=779908e4:3680:22)
    at Object.invokeGuardedCallbackDev (http://localhost:5173/node_modules/.vite/deps/chunk-TKA7E7G6.js?v=779908e4:3705:24)
    at invokeGuardedCallback (http://localhost:5173/node_modules/.vite/deps/chunk-TKA7E7G6.js?v=779908e4:3739:39)
    at beginWork$1 (http://localhost:5173/node_modules/.vite/deps/chunk-TKA7E7G6.js?v=779908e4:19818:15)
    at performUnitOfWork (http://localhost:5173/node_modules/.vite/deps/chunk-TKA7E7G6.js?v=779908e4:19251:20)
[   44407ms] [ERROR] The above error occurred in the <CurrencyProvider> component:

    at CurrencyProvider (http://localhost:5173/src/contexts/CurrencyContext.tsx?t=1788037205693:15:36)
    at I18nProvider (http://localhost:5173/src/contexts/I18nContext.tsx?t=1788037205669:6:32)
    at _HelmetProvider (http://localhost:5173/node_modules/.vite/deps/react-helmet-async.js?v=779908e4:624:5)
    at App
    at _HelmetProvider (http://localhost:5173/node_modules/.vite/deps/react-helmet-async.js?v=779908e4:624:5)

Consider adding an error boundary to your tree to customize error handling behavior.
Visit https://reactjs.org/link/error-boundaries to learn more about error boundaries. @ http://localhost:5173/node_modules/.vite/deps/chunk-TKA7E7G6.js?v=779908e4:14079
[   44431ms] Error: useI18n must be used within I18nProvider
    at useI18n (http://localhost:5173/src/contexts/I18nContext.tsx?t=1788037205693:55:15)
    at CurrencyProvider (http://localhost:5173/src/contexts/CurrencyContext.tsx?t=1788037205693:17:35)
    at renderWithHooks (http://localhost:5173/node_modules/.vite/deps/chunk-TKA7E7G6.js?v=779908e4:11596:26)
    at mountIndeterminateComponent (http://localhost:5173/node_modules/.vite/deps/chunk-TKA7E7G6.js?v=779908e4:14974:21)
    at beginWork (http://localhost:5173/node_modules/.vite/deps/chunk-TKA7E7G6.js?v=779908e4:15962:22)
    at beginWork$1 (http://localhost:5173/node_modules/.vite/deps/chunk-TKA7E7G6.js?v=779908e4:19806:22)
    at performUnitOfWork (http://localhost:5173/node_modules/.vite/deps/chunk-TKA7E7G6.js?v=779908e4:19251:20)
    at workLoopSync (http://localhost:5173/node_modules/.vite/deps/chunk-TKA7E7G6.js?v=779908e4:19190:13)
    at renderRootSync (http://localhost:5173/node_modules/.vite/deps/chunk-TKA7E7G6.js?v=779908e4:19169:15)
    at recoverFromConcurrentError (http://localhost:5173/node_modules/.vite/deps/chunk-TKA7E7G6.js?v=779908e4:18786:28)
[   44518ms] Error: useI18n must be used within I18nProvider
    at useI18n (http://localhost:5173/src/contexts/I18nContext.tsx?t=1788037205693:55:15)
    at CurrencyProvider (http://localhost:5173/src/contexts/CurrencyContext.tsx?t=1788037205693:17:35)
    at renderWithHooks (http://localhost:5173/node_modules/.vite/deps/chunk-TKA7E7G6.js?v=779908e4:11596:26)
    at mountIndeterminateComponent (http://localhost:5173/node_modules/.vite/deps/chunk-TKA7E7G6.js?v=779908e4:14974:21)
    at beginWork (http://localhost:5173/node_modules/.vite/deps/chunk-TKA7E7G6.js?v=779908e4:15962:22)
    at HTMLUnknownElement.callCallback2 (http://localhost:5173/node_modules/.vite/deps/chunk-TKA7E7G6.js?v=779908e4:3680:22)
    at Object.invokeGuardedCallbackDev (http://localhost:5173/node_modules/.vite/deps/chunk-TKA7E7G6.js?v=779908e4:3705:24)
    at invokeGuardedCallback (http://localhost:5173/node_modules/.vite/deps/chunk-TKA7E7G6.js?v=779908e4:3739:39)
    at beginWork$1 (http://localhost:5173/node_modules/.vite/deps/chunk-TKA7E7G6.js?v=779908e4:19818:15)
    at performUnitOfWork (http://localhost:5173/node_modules/.vite/deps/chunk-TKA7E7G6.js?v=779908e4:19251:20)
[   44518ms] Error: useI18n must be used within I18nProvider
    at useI18n (http://localhost:5173/src/contexts/I18nContext.tsx?t=1788037205693:55:15)
    at CurrencyProvider (http://localhost:5173/src/contexts/CurrencyContext.tsx?t=1788037205693:17:35)
    at renderWithHooks (http://localhost:5173/node_modules/.vite/deps/chunk-TKA7E7G6.js?v=779908e4:11596:26)
    at mountIndeterminateComponent (http://localhost:5173/node_modules/.vite/deps/chunk-TKA7E7G6.js?v=779908e4:14974:21)
    at beginWork (http://localhost:5173/node_modules/.vite/deps/chunk-TKA7E7G6.js?v=779908e4:15962:22)
    at HTMLUnknownElement.callCallback2 (http://localhost:5173/node_modules/.vite/deps/chunk-TKA7E7G6.js?v=779908e4:3680:22)
    at Object.invokeGuardedCallbackDev (http://localhost:5173/node_modules/.vite/deps/chunk-TKA7E7G6.js?v=779908e4:3705:24)
    at invokeGuardedCallback (http://localhost:5173/node_modules/.vite/deps/chunk-TKA7E7G6.js?v=779908e4:3739:39)
    at beginWork$1 (http://localhost:5173/node_modules/.vite/deps/chunk-TKA7E7G6.js?v=779908e4:19818:15)
    at performUnitOfWork (http://localhost:5173/node_modules/.vite/deps/chunk-TKA7E7G6.js?v=779908e4:19251:20)
[   44518ms] [ERROR] The above error occurred in the <CurrencyProvider> component:

    at CurrencyProvider (http://localhost:5173/src/contexts/CurrencyContext.tsx?t=1788037205693:15:36)
    at I18nProvider (http://localhost:5173/src/contexts/I18nContext.tsx?t=1788037205690:6:32)
    at _HelmetProvider (http://localhost:5173/node_modules/.vite/deps/react-helmet-async.js?v=779908e4:624:5)
    at App
    at _HelmetProvider (http://localhost:5173/node_modules/.vite/deps/react-helmet-async.js?v=779908e4:624:5)

Consider adding an error boundary to your tree to customize error handling behavior.
Visit https://reactjs.org/link/error-boundaries to learn more about error boundaries. @ http://localhost:5173/node_modules/.vite/deps/chunk-TKA7E7G6.js?v=779908e4:14079
[   44519ms] Error: useI18n must be used within I18nProvider
    at useI18n (http://localhost:5173/src/contexts/I18nContext.tsx?t=1788037205693:55:15)
    at CurrencyProvider (http://localhost:5173/src/contexts/CurrencyContext.tsx?t=1788037205693:17:35)
    at renderWithHooks (http://localhost:5173/node_modules/.vite/deps/chunk-TKA7E7G6.js?v=779908e4:11596:26)
    at mountIndeterminateComponent (http://localhost:5173/node_modules/.vite/deps/chunk-TKA7E7G6.js?v=779908e4:14974:21)
    at beginWork (http://localhost:5173/node_modules/.vite/deps/chunk-TKA7E7G6.js?v=779908e4:15962:22)
    at beginWork$1 (http://localhost:5173/node_modules/.vite/deps/chunk-TKA7E7G6.js?v=779908e4:19806:22)
    at performUnitOfWork (http://localhost:5173/node_modules/.vite/deps/chunk-TKA7E7G6.js?v=779908e4:19251:20)
    at workLoopSync (http://localhost:5173/node_modules/.vite/deps/chunk-TKA7E7G6.js?v=779908e4:19190:13)
    at renderRootSync (http://localhost:5173/node_modules/.vite/deps/chunk-TKA7E7G6.js?v=779908e4:19169:15)
    at recoverFromConcurrentError (http://localhost:5173/node_modules/.vite/deps/chunk-TKA7E7G6.js?v=779908e4:18786:28)
[   44557ms] Error: useI18n must be used within I18nProvider
    at useI18n (http://localhost:5173/src/contexts/I18nContext.tsx?t=1788037205693:55:15)
    at CurrencyProvider (http://localhost:5173/src/contexts/CurrencyContext.tsx?t=1788037205693:17:35)
    at renderWithHooks (http://localhost:5173/node_modules/.vite/deps/chunk-TKA7E7G6.js?v=779908e4:11596:26)
    at mountIndeterminateComponent (http://localhost:5173/node_modules/.vite/deps/chunk-TKA7E7G6.js?v=779908e4:14974:21)
    at beginWork (http://localhost:5173/node_modules/.vite/deps/chunk-TKA7E7G6.js?v=779908e4:15962:22)
    at HTMLUnknownElement.callCallback2 (http://localhost:5173/node_modules/.vite/deps/chunk-TKA7E7G6.js?v=779908e4:3680:22)
    at Object.invokeGuardedCallbackDev (http://localhost:5173/node_modules/.vite/deps/chunk-TKA7E7G6.js?v=779908e4:3705:24)
    at invokeGuardedCallback (http://localhost:5173/node_modules/.vite/deps/chunk-TKA7E7G6.js?v=779908e4:3739:39)
    at beginWork$1 (http://localhost:5173/node_modules/.vite/deps/chunk-TKA7E7G6.js?v=779908e4:19818:15)
    at performUnitOfWork (http://localhost:5173/node_modules/.vite/deps/chunk-TKA7E7G6.js?v=779908e4:19251:20)
[   44557ms] Error: useI18n must be used within I18nProvider
    at useI18n (http://localhost:5173/src/contexts/I18nContext.tsx?t=1788037205693:55:15)
    at CurrencyProvider (http://localhost:5173/src/contexts/CurrencyContext.tsx?t=1788037205693:17:35)
    at renderWithHooks (http://localhost:5173/node_modules/.vite/deps/chunk-TKA7E7G6.js?v=779908e4:11596:26)
    at mountIndeterminateComponent (http://localhost:5173/node_modules/.vite/deps/chunk-TKA7E7G6.js?v=779908e4:14974:21)
    at beginWork (http://localhost:5173/node_modules/.vite/deps/chunk-TKA7E7G6.js?v=779908e4:15962:22)
    at HTMLUnknownElement.callCallback2 (http://localhost:5173/node_modules/.vite/deps/chunk-TKA7E7G6.js?v=779908e4:3680:22)
    at Object.invokeGuardedCallbackDev (http://localhost:5173/node_modules/.vite/deps/chunk-TKA7E7G6.js?v=779908e4:3705:24)
    at invokeGuardedCallback (http://localhost:5173/node_modules/.vite/deps/chunk-TKA7E7G6.js?v=779908e4:3739:39)
    at beginWork$1 (http://localhost:5173/node_modules/.vite/deps/chunk-TKA7E7G6.js?v=779908e4:19818:15)
    at performUnitOfWork (http://localhost:5173/node_modules/.vite/deps/chunk-TKA7E7G6.js?v=779908e4:19251:20)
[   44557ms] [ERROR] The above error occurred in the <CurrencyProvider> component:

    at CurrencyProvider (http://localhost:5173/src/contexts/CurrencyContext.tsx?t=1788037205693:15:36)
    at I18nProvider (http://localhost:5173/src/contexts/I18nContext.tsx?t=1788037205690:6:32)
    at _HelmetProvider (http://localhost:5173/node_modules/.vite/deps/react-helmet-async.js?v=779908e4:624:5)
    at App
    at _HelmetProvider (http://localhost:5173/node_modules/.vite/deps/react-helmet-async.js?v=779908e4:624:5)

Consider adding an error boundary to your tree to customize error handling behavior.
Visit https://reactjs.org/link/error-boundaries to learn more about error boundaries. @ http://localhost:5173/node_modules/.vite/deps/chunk-TKA7E7G6.js?v=779908e4:14079
[   44557ms] Error: useI18n must be used within I18nProvider
    at useI18n (http://localhost:5173/src/contexts/I18nContext.tsx?t=1788037205693:55:15)
    at CurrencyProvider (http://localhost:5173/src/contexts/CurrencyContext.tsx?t=1788037205693:17:35)
    at renderWithHooks (http://localhost:5173/node_modules/.vite/deps/chunk-TKA7E7G6.js?v=779908e4:11596:26)
    at mountIndeterminateComponent (http://localhost:5173/node_modules/.vite/deps/chunk-TKA7E7G6.js?v=779908e4:14974:21)
    at beginWork (http://localhost:5173/node_modules/.vite/deps/chunk-TKA7E7G6.js?v=779908e4:15962:22)
    at beginWork$1 (http://localhost:5173/node_modules/.vite/deps/chunk-TKA7E7G6.js?v=779908e4:19806:22)
    at performUnitOfWork (http://localhost:5173/node_modules/.vite/deps/chunk-TKA7E7G6.js?v=779908e4:19251:20)
    at workLoopSync (http://localhost:5173/node_modules/.vite/deps/chunk-TKA7E7G6.js?v=779908e4:19190:13)
    at renderRootSync (http://localhost:5173/node_modules/.vite/deps/chunk-TKA7E7G6.js?v=779908e4:19169:15)
    at recoverFromConcurrentError (http://localhost:5173/node_modules/.vite/deps/chunk-TKA7E7G6.js?v=779908e4:18786:28)
