[     533ms] [INFO] %cDownload the React DevTools for a better development experience: https://reactjs.org/link/react-devtools font-weight:bold @ http://localhost:5173/node_modules/.vite/deps/chunk-TKA7E7G6.js?v=779908e4:21608
[     623ms] [ERROR] Failed to load resource: net::ERR_CONNECTION_REFUSED @ http://localhost:8080/api/v1/content?locale=en:0
[   80679ms] Error: useI18n must be used within I18nProvider
    at useI18n (http://localhost:5173/src/contexts/I18nContext.tsx:55:15)
    at Header (http://localhost:5173/src/components/Layout/Header.tsx:57:19)
    at renderWithHooks (http://localhost:5173/node_modules/.vite/deps/chunk-TKA7E7G6.js?v=779908e4:11596:26)
    at mountIndeterminateComponent (http://localhost:5173/node_modules/.vite/deps/chunk-TKA7E7G6.js?v=779908e4:14974:21)
    at beginWork (http://localhost:5173/node_modules/.vite/deps/chunk-TKA7E7G6.js?v=779908e4:15962:22)
    at HTMLUnknownElement.callCallback2 (http://localhost:5173/node_modules/.vite/deps/chunk-TKA7E7G6.js?v=779908e4:3680:22)
    at Object.invokeGuardedCallbackDev (http://localhost:5173/node_modules/.vite/deps/chunk-TKA7E7G6.js?v=779908e4:3705:24)
    at invokeGuardedCallback (http://localhost:5173/node_modules/.vite/deps/chunk-TKA7E7G6.js?v=779908e4:3739:39)
    at beginWork$1 (http://localhost:5173/node_modules/.vite/deps/chunk-TKA7E7G6.js?v=779908e4:19818:15)
    at performUnitOfWork (http://localhost:5173/node_modules/.vite/deps/chunk-TKA7E7G6.js?v=779908e4:19251:20)
[   80684ms] Error: useI18n must be used within I18nProvider
    at useI18n (http://localhost:5173/src/contexts/I18nContext.tsx:55:15)
    at Services (http://localhost:5173/src/pages/Services.tsx:156:19)
    at renderWithHooks (http://localhost:5173/node_modules/.vite/deps/chunk-TKA7E7G6.js?v=779908e4:11596:26)
    at mountIndeterminateComponent (http://localhost:5173/node_modules/.vite/deps/chunk-TKA7E7G6.js?v=779908e4:14974:21)
    at beginWork (http://localhost:5173/node_modules/.vite/deps/chunk-TKA7E7G6.js?v=779908e4:15962:22)
    at HTMLUnknownElement.callCallback2 (http://localhost:5173/node_modules/.vite/deps/chunk-TKA7E7G6.js?v=779908e4:3680:22)
    at Object.invokeGuardedCallbackDev (http://localhost:5173/node_modules/.vite/deps/chunk-TKA7E7G6.js?v=779908e4:3705:24)
    at invokeGuardedCallback (http://localhost:5173/node_modules/.vite/deps/chunk-TKA7E7G6.js?v=779908e4:3739:39)
    at beginWork$1 (http://localhost:5173/node_modules/.vite/deps/chunk-TKA7E7G6.js?v=779908e4:19818:15)
    at performUnitOfWork (http://localhost:5173/node_modules/.vite/deps/chunk-TKA7E7G6.js?v=779908e4:19251:20)
[   80685ms] Error: useI18n must be used within I18nProvider
    at useI18n (http://localhost:5173/src/contexts/I18nContext.tsx:55:15)
    at Header (http://localhost:5173/src/components/Layout/Header.tsx:57:19)
    at renderWithHooks (http://localhost:5173/node_modules/.vite/deps/chunk-TKA7E7G6.js?v=779908e4:11596:26)
    at mountIndeterminateComponent (http://localhost:5173/node_modules/.vite/deps/chunk-TKA7E7G6.js?v=779908e4:14974:21)
    at beginWork (http://localhost:5173/node_modules/.vite/deps/chunk-TKA7E7G6.js?v=779908e4:15962:22)
    at HTMLUnknownElement.callCallback2 (http://localhost:5173/node_modules/.vite/deps/chunk-TKA7E7G6.js?v=779908e4:3680:22)
    at Object.invokeGuardedCallbackDev (http://localhost:5173/node_modules/.vite/deps/chunk-TKA7E7G6.js?v=779908e4:3705:24)
    at invokeGuardedCallback (http://localhost:5173/node_modules/.vite/deps/chunk-TKA7E7G6.js?v=779908e4:3739:39)
    at beginWork$1 (http://localhost:5173/node_modules/.vite/deps/chunk-TKA7E7G6.js?v=779908e4:19818:15)
    at performUnitOfWork (http://localhost:5173/node_modules/.vite/deps/chunk-TKA7E7G6.js?v=779908e4:19251:20)
[   80685ms] Error: useI18n must be used within I18nProvider
    at useI18n (http://localhost:5173/src/contexts/I18nContext.tsx:55:15)
    at Services (http://localhost:5173/src/pages/Services.tsx:156:19)
    at renderWithHooks (http://localhost:5173/node_modules/.vite/deps/chunk-TKA7E7G6.js?v=779908e4:11596:26)
    at mountIndeterminateComponent (http://localhost:5173/node_modules/.vite/deps/chunk-TKA7E7G6.js?v=779908e4:14974:21)
    at beginWork (http://localhost:5173/node_modules/.vite/deps/chunk-TKA7E7G6.js?v=779908e4:15962:22)
    at HTMLUnknownElement.callCallback2 (http://localhost:5173/node_modules/.vite/deps/chunk-TKA7E7G6.js?v=779908e4:3680:22)
    at Object.invokeGuardedCallbackDev (http://localhost:5173/node_modules/.vite/deps/chunk-TKA7E7G6.js?v=779908e4:3705:24)
    at invokeGuardedCallback (http://localhost:5173/node_modules/.vite/deps/chunk-TKA7E7G6.js?v=779908e4:3739:39)
    at beginWork$1 (http://localhost:5173/node_modules/.vite/deps/chunk-TKA7E7G6.js?v=779908e4:19818:15)
    at performUnitOfWork (http://localhost:5173/node_modules/.vite/deps/chunk-TKA7E7G6.js?v=779908e4:19251:20)
[   80685ms] [ERROR] The above error occurred in the <Header> component:

    at Header (http://localhost:5173/src/components/Layout/Header.tsx:57:19)
    at div
    at Layout (http://localhost:5173/src/components/Layout/index.tsx:5:26)
    at RenderedRoute (http://localhost:5173/node_modules/.vite/deps/react-router-dom.js?v=779908e4:6264:26)
    at Routes (http://localhost:5173/node_modules/.vite/deps/react-router-dom.js?v=779908e4:7107:3)
    at Router (http://localhost:5173/node_modules/.vite/deps/react-router-dom.js?v=779908e4:7048:13)
    at BrowserRouter (http://localhost:5173/node_modules/.vite/deps/react-router-dom.js?v=779908e4:10154:3)
    at ContentProvider (http://localhost:5173/src/contexts/ContentContext.tsx?t=1788037082179:7:35)
    at AuthProvider (http://localhost:5173/src/contexts/AuthContext.tsx:6:32)
    at CurrencyProvider (http://localhost:5173/src/contexts/CurrencyContext.tsx?t=1788037082179:15:36)
    at I18nProvider (http://localhost:5173/src/contexts/I18nContext.tsx?t=1788037082179:6:32)
    at _HelmetProvider (http://localhost:5173/node_modules/.vite/deps/react-helmet-async.js?v=779908e4:624:5)
    at App
    at _HelmetProvider (http://localhost:5173/node_modules/.vite/deps/react-helmet-async.js?v=779908e4:624:5)

Consider adding an error boundary to your tree to customize error handling behavior.
Visit https://reactjs.org/link/error-boundaries to learn more about error boundaries. @ http://localhost:5173/node_modules/.vite/deps/chunk-TKA7E7G6.js?v=779908e4:14079
[   80685ms] [ERROR] The above error occurred in the <Services> component:

    at Services (http://localhost:5173/src/pages/Services.tsx:156:19)
    at RenderedRoute (http://localhost:5173/node_modules/.vite/deps/react-router-dom.js?v=779908e4:6264:26)
    at Routes (http://localhost:5173/node_modules/.vite/deps/react-router-dom.js?v=779908e4:7107:3)
    at Suspense
    at main
    at div
    at Layout (http://localhost:5173/src/components/Layout/index.tsx:5:26)
    at RenderedRoute (http://localhost:5173/node_modules/.vite/deps/react-router-dom.js?v=779908e4:6264:26)
    at Routes (http://localhost:5173/node_modules/.vite/deps/react-router-dom.js?v=779908e4:7107:3)
    at Router (http://localhost:5173/node_modules/.vite/deps/react-router-dom.js?v=779908e4:7048:13)
    at BrowserRouter (http://localhost:5173/node_modules/.vite/deps/react-router-dom.js?v=779908e4:10154:3)
    at ContentProvider (http://localhost:5173/src/contexts/ContentContext.tsx?t=1788037082179:7:35)
    at AuthProvider (http://localhost:5173/src/contexts/AuthContext.tsx:6:32)
    at CurrencyProvider (http://localhost:5173/src/contexts/CurrencyContext.tsx?t=1788037082179:15:36)
    at I18nProvider (http://localhost:5173/src/contexts/I18nContext.tsx?t=1788037082179:6:32)
    at _HelmetProvider (http://localhost:5173/node_modules/.vite/deps/react-helmet-async.js?v=779908e4:624:5)
    at App
    at _HelmetProvider (http://localhost:5173/node_modules/.vite/deps/react-helmet-async.js?v=779908e4:624:5)

Consider adding an error boundary to your tree to customize error handling behavior.
Visit https://reactjs.org/link/error-boundaries to learn more about error boundaries. @ http://localhost:5173/node_modules/.vite/deps/chunk-TKA7E7G6.js?v=779908e4:14079
[   80694ms] Error: useI18n must be used within I18nProvider
    at useI18n (http://localhost:5173/src/contexts/I18nContext.tsx:55:15)
    at Header (http://localhost:5173/src/components/Layout/Header.tsx:57:19)
    at renderWithHooks (http://localhost:5173/node_modules/.vite/deps/chunk-TKA7E7G6.js?v=779908e4:11596:26)
    at mountIndeterminateComponent (http://localhost:5173/node_modules/.vite/deps/chunk-TKA7E7G6.js?v=779908e4:14974:21)
    at beginWork (http://localhost:5173/node_modules/.vite/deps/chunk-TKA7E7G6.js?v=779908e4:15962:22)
    at beginWork$1 (http://localhost:5173/node_modules/.vite/deps/chunk-TKA7E7G6.js?v=779908e4:19806:22)
    at performUnitOfWork (http://localhost:5173/node_modules/.vite/deps/chunk-TKA7E7G6.js?v=779908e4:19251:20)
    at workLoopSync (http://localhost:5173/node_modules/.vite/deps/chunk-TKA7E7G6.js?v=779908e4:19190:13)
    at renderRootSync (http://localhost:5173/node_modules/.vite/deps/chunk-TKA7E7G6.js?v=779908e4:19169:15)
    at recoverFromConcurrentError (http://localhost:5173/node_modules/.vite/deps/chunk-TKA7E7G6.js?v=779908e4:18786:28)
[   80782ms] Error: useI18n must be used within I18nProvider
    at useI18n (http://localhost:5173/src/contexts/I18nContext.tsx?t=1788037082179:55:15)
    at CurrencyProvider (http://localhost:5173/src/contexts/CurrencyContext.tsx?t=1788037082179:17:35)
    at renderWithHooks (http://localhost:5173/node_modules/.vite/deps/chunk-TKA7E7G6.js?v=779908e4:11596:26)
    at mountIndeterminateComponent (http://localhost:5173/node_modules/.vite/deps/chunk-TKA7E7G6.js?v=779908e4:14974:21)
    at beginWork (http://localhost:5173/node_modules/.vite/deps/chunk-TKA7E7G6.js?v=779908e4:15962:22)
    at HTMLUnknownElement.callCallback2 (http://localhost:5173/node_modules/.vite/deps/chunk-TKA7E7G6.js?v=779908e4:3680:22)
    at Object.invokeGuardedCallbackDev (http://localhost:5173/node_modules/.vite/deps/chunk-TKA7E7G6.js?v=779908e4:3705:24)
    at invokeGuardedCallback (http://localhost:5173/node_modules/.vite/deps/chunk-TKA7E7G6.js?v=779908e4:3739:39)
    at beginWork$1 (http://localhost:5173/node_modules/.vite/deps/chunk-TKA7E7G6.js?v=779908e4:19818:15)
    at performUnitOfWork (http://localhost:5173/node_modules/.vite/deps/chunk-TKA7E7G6.js?v=779908e4:19251:20)
[   80782ms] Error: useI18n must be used within I18nProvider
    at useI18n (http://localhost:5173/src/contexts/I18nContext.tsx?t=1788037082179:55:15)
    at CurrencyProvider (http://localhost:5173/src/contexts/CurrencyContext.tsx?t=1788037082179:17:35)
    at renderWithHooks (http://localhost:5173/node_modules/.vite/deps/chunk-TKA7E7G6.js?v=779908e4:11596:26)
    at mountIndeterminateComponent (http://localhost:5173/node_modules/.vite/deps/chunk-TKA7E7G6.js?v=779908e4:14974:21)
    at beginWork (http://localhost:5173/node_modules/.vite/deps/chunk-TKA7E7G6.js?v=779908e4:15962:22)
    at HTMLUnknownElement.callCallback2 (http://localhost:5173/node_modules/.vite/deps/chunk-TKA7E7G6.js?v=779908e4:3680:22)
    at Object.invokeGuardedCallbackDev (http://localhost:5173/node_modules/.vite/deps/chunk-TKA7E7G6.js?v=779908e4:3705:24)
    at invokeGuardedCallback (http://localhost:5173/node_modules/.vite/deps/chunk-TKA7E7G6.js?v=779908e4:3739:39)
    at beginWork$1 (http://localhost:5173/node_modules/.vite/deps/chunk-TKA7E7G6.js?v=779908e4:19818:15)
    at performUnitOfWork (http://localhost:5173/node_modules/.vite/deps/chunk-TKA7E7G6.js?v=779908e4:19251:20)
[   80782ms] [ERROR] The above error occurred in the <CurrencyProvider> component:

    at CurrencyProvider (http://localhost:5173/src/contexts/CurrencyContext.tsx?t=1788037082179:15:36)
    at I18nProvider (http://localhost:5173/src/contexts/I18nContext.tsx?t=1788037082176:6:32)
    at _HelmetProvider (http://localhost:5173/node_modules/.vite/deps/react-helmet-async.js?v=779908e4:624:5)
    at App
    at _HelmetProvider (http://localhost:5173/node_modules/.vite/deps/react-helmet-async.js?v=779908e4:624:5)

Consider adding an error boundary to your tree to customize error handling behavior.
Visit https://reactjs.org/link/error-boundaries to learn more about error boundaries. @ http://localhost:5173/node_modules/.vite/deps/chunk-TKA7E7G6.js?v=779908e4:14079
[   80783ms] Error: useI18n must be used within I18nProvider
    at useI18n (http://localhost:5173/src/contexts/I18nContext.tsx?t=1788037082179:55:15)
    at CurrencyProvider (http://localhost:5173/src/contexts/CurrencyContext.tsx?t=1788037082179:17:35)
    at renderWithHooks (http://localhost:5173/node_modules/.vite/deps/chunk-TKA7E7G6.js?v=779908e4:11596:26)
    at mountIndeterminateComponent (http://localhost:5173/node_modules/.vite/deps/chunk-TKA7E7G6.js?v=779908e4:14974:21)
    at beginWork (http://localhost:5173/node_modules/.vite/deps/chunk-TKA7E7G6.js?v=779908e4:15962:22)
    at beginWork$1 (http://localhost:5173/node_modules/.vite/deps/chunk-TKA7E7G6.js?v=779908e4:19806:22)
    at performUnitOfWork (http://localhost:5173/node_modules/.vite/deps/chunk-TKA7E7G6.js?v=779908e4:19251:20)
    at workLoopSync (http://localhost:5173/node_modules/.vite/deps/chunk-TKA7E7G6.js?v=779908e4:19190:13)
    at renderRootSync (http://localhost:5173/node_modules/.vite/deps/chunk-TKA7E7G6.js?v=779908e4:19169:15)
    at recoverFromConcurrentError (http://localhost:5173/node_modules/.vite/deps/chunk-TKA7E7G6.js?v=779908e4:18786:28)
[   80825ms] Error: useI18n must be used within I18nProvider
    at useI18n (http://localhost:5173/src/contexts/I18nContext.tsx?t=1788037082179:55:15)
    at CurrencyProvider (http://localhost:5173/src/contexts/CurrencyContext.tsx?t=1788037082179:17:35)
    at renderWithHooks (http://localhost:5173/node_modules/.vite/deps/chunk-TKA7E7G6.js?v=779908e4:11596:26)
    at mountIndeterminateComponent (http://localhost:5173/node_modules/.vite/deps/chunk-TKA7E7G6.js?v=779908e4:14974:21)
    at beginWork (http://localhost:5173/node_modules/.vite/deps/chunk-TKA7E7G6.js?v=779908e4:15962:22)
    at HTMLUnknownElement.callCallback2 (http://localhost:5173/node_modules/.vite/deps/chunk-TKA7E7G6.js?v=779908e4:3680:22)
    at Object.invokeGuardedCallbackDev (http://localhost:5173/node_modules/.vite/deps/chunk-TKA7E7G6.js?v=779908e4:3705:24)
    at invokeGuardedCallback (http://localhost:5173/node_modules/.vite/deps/chunk-TKA7E7G6.js?v=779908e4:3739:39)
    at beginWork$1 (http://localhost:5173/node_modules/.vite/deps/chunk-TKA7E7G6.js?v=779908e4:19818:15)
    at performUnitOfWork (http://localhost:5173/node_modules/.vite/deps/chunk-TKA7E7G6.js?v=779908e4:19251:20)
[   80825ms] Error: useI18n must be used within I18nProvider
    at useI18n (http://localhost:5173/src/contexts/I18nContext.tsx?t=1788037082179:55:15)
    at CurrencyProvider (http://localhost:5173/src/contexts/CurrencyContext.tsx?t=1788037082179:17:35)
    at renderWithHooks (http://localhost:5173/node_modules/.vite/deps/chunk-TKA7E7G6.js?v=779908e4:11596:26)
    at mountIndeterminateComponent (http://localhost:5173/node_modules/.vite/deps/chunk-TKA7E7G6.js?v=779908e4:14974:21)
    at beginWork (http://localhost:5173/node_modules/.vite/deps/chunk-TKA7E7G6.js?v=779908e4:15962:22)
    at HTMLUnknownElement.callCallback2 (http://localhost:5173/node_modules/.vite/deps/chunk-TKA7E7G6.js?v=779908e4:3680:22)
    at Object.invokeGuardedCallbackDev (http://localhost:5173/node_modules/.vite/deps/chunk-TKA7E7G6.js?v=779908e4:3705:24)
    at invokeGuardedCallback (http://localhost:5173/node_modules/.vite/deps/chunk-TKA7E7G6.js?v=779908e4:3739:39)
    at beginWork$1 (http://localhost:5173/node_modules/.vite/deps/chunk-TKA7E7G6.js?v=779908e4:19818:15)
    at performUnitOfWork (http://localhost:5173/node_modules/.vite/deps/chunk-TKA7E7G6.js?v=779908e4:19251:20)
[   80826ms] [ERROR] The above error occurred in the <CurrencyProvider> component:

    at CurrencyProvider (http://localhost:5173/src/contexts/CurrencyContext.tsx?t=1788037082179:15:36)
    at I18nProvider (http://localhost:5173/src/contexts/I18nContext.tsx?t=1788037082176:6:32)
    at _HelmetProvider (http://localhost:5173/node_modules/.vite/deps/react-helmet-async.js?v=779908e4:624:5)
    at App
    at _HelmetProvider (http://localhost:5173/node_modules/.vite/deps/react-helmet-async.js?v=779908e4:624:5)

Consider adding an error boundary to your tree to customize error handling behavior.
Visit https://reactjs.org/link/error-boundaries to learn more about error boundaries. @ http://localhost:5173/node_modules/.vite/deps/chunk-TKA7E7G6.js?v=779908e4:14079
[   80826ms] Error: useI18n must be used within I18nProvider
    at useI18n (http://localhost:5173/src/contexts/I18nContext.tsx?t=1788037082179:55:15)
    at CurrencyProvider (http://localhost:5173/src/contexts/CurrencyContext.tsx?t=1788037082179:17:35)
    at renderWithHooks (http://localhost:5173/node_modules/.vite/deps/chunk-TKA7E7G6.js?v=779908e4:11596:26)
    at mountIndeterminateComponent (http://localhost:5173/node_modules/.vite/deps/chunk-TKA7E7G6.js?v=779908e4:14974:21)
    at beginWork (http://localhost:5173/node_modules/.vite/deps/chunk-TKA7E7G6.js?v=779908e4:15962:22)
    at beginWork$1 (http://localhost:5173/node_modules/.vite/deps/chunk-TKA7E7G6.js?v=779908e4:19806:22)
    at performUnitOfWork (http://localhost:5173/node_modules/.vite/deps/chunk-TKA7E7G6.js?v=779908e4:19251:20)
    at workLoopSync (http://localhost:5173/node_modules/.vite/deps/chunk-TKA7E7G6.js?v=779908e4:19190:13)
    at renderRootSync (http://localhost:5173/node_modules/.vite/deps/chunk-TKA7E7G6.js?v=779908e4:19169:15)
    at recoverFromConcurrentError (http://localhost:5173/node_modules/.vite/deps/chunk-TKA7E7G6.js?v=779908e4:18786:28)
[   91895ms] Error: useI18n must be used within I18nProvider
    at useI18n (http://localhost:5173/src/contexts/I18nContext.tsx?t=1788037082179:55:15)
    at Header (http://localhost:5173/src/components/Layout/Header.tsx?t=1788037082179:57:19)
    at renderWithHooks (http://localhost:5173/node_modules/.vite/deps/chunk-TKA7E7G6.js?v=779908e4:11596:26)
    at mountIndeterminateComponent (http://localhost:5173/node_modules/.vite/deps/chunk-TKA7E7G6.js?v=779908e4:14974:21)
    at beginWork (http://localhost:5173/node_modules/.vite/deps/chunk-TKA7E7G6.js?v=779908e4:15962:22)
    at HTMLUnknownElement.callCallback2 (http://localhost:5173/node_modules/.vite/deps/chunk-TKA7E7G6.js?v=779908e4:3680:22)
    at Object.invokeGuardedCallbackDev (http://localhost:5173/node_modules/.vite/deps/chunk-TKA7E7G6.js?v=779908e4:3705:24)
    at invokeGuardedCallback (http://localhost:5173/node_modules/.vite/deps/chunk-TKA7E7G6.js?v=779908e4:3739:39)
    at beginWork$1 (http://localhost:5173/node_modules/.vite/deps/chunk-TKA7E7G6.js?v=779908e4:19818:15)
    at performUnitOfWork (http://localhost:5173/node_modules/.vite/deps/chunk-TKA7E7G6.js?v=779908e4:19251:20)
[   91896ms] Error: useI18n must be used within I18nProvider
    at useI18n (http://localhost:5173/src/contexts/I18nContext.tsx?t=1788037082179:55:15)
    at Services (http://localhost:5173/src/pages/Services.tsx?t=1788037082179:156:19)
    at renderWithHooks (http://localhost:5173/node_modules/.vite/deps/chunk-TKA7E7G6.js?v=779908e4:11596:26)
    at mountIndeterminateComponent (http://localhost:5173/node_modules/.vite/deps/chunk-TKA7E7G6.js?v=779908e4:14974:21)
    at beginWork (http://localhost:5173/node_modules/.vite/deps/chunk-TKA7E7G6.js?v=779908e4:15962:22)
    at HTMLUnknownElement.callCallback2 (http://localhost:5173/node_modules/.vite/deps/chunk-TKA7E7G6.js?v=779908e4:3680:22)
    at Object.invokeGuardedCallbackDev (http://localhost:5173/node_modules/.vite/deps/chunk-TKA7E7G6.js?v=779908e4:3705:24)
    at invokeGuardedCallback (http://localhost:5173/node_modules/.vite/deps/chunk-TKA7E7G6.js?v=779908e4:3739:39)
    at beginWork$1 (http://localhost:5173/node_modules/.vite/deps/chunk-TKA7E7G6.js?v=779908e4:19818:15)
    at performUnitOfWork (http://localhost:5173/node_modules/.vite/deps/chunk-TKA7E7G6.js?v=779908e4:19251:20)
[   91898ms] Error: useI18n must be used within I18nProvider
    at useI18n (http://localhost:5173/src/contexts/I18nContext.tsx?t=1788037082179:55:15)
    at Header (http://localhost:5173/src/components/Layout/Header.tsx?t=1788037082179:57:19)
    at renderWithHooks (http://localhost:5173/node_modules/.vite/deps/chunk-TKA7E7G6.js?v=779908e4:11596:26)
    at mountIndeterminateComponent (http://localhost:5173/node_modules/.vite/deps/chunk-TKA7E7G6.js?v=779908e4:14974:21)
    at beginWork (http://localhost:5173/node_modules/.vite/deps/chunk-TKA7E7G6.js?v=779908e4:15962:22)
    at HTMLUnknownElement.callCallback2 (http://localhost:5173/node_modules/.vite/deps/chunk-TKA7E7G6.js?v=779908e4:3680:22)
    at Object.invokeGuardedCallbackDev (http://localhost:5173/node_modules/.vite/deps/chunk-TKA7E7G6.js?v=779908e4:3705:24)
    at invokeGuardedCallback (http://localhost:5173/node_modules/.vite/deps/chunk-TKA7E7G6.js?v=779908e4:3739:39)
    at beginWork$1 (http://localhost:5173/node_modules/.vite/deps/chunk-TKA7E7G6.js?v=779908e4:19818:15)
    at performUnitOfWork (http://localhost:5173/node_modules/.vite/deps/chunk-TKA7E7G6.js?v=779908e4:19251:20)
[   91898ms] Error: useI18n must be used within I18nProvider
    at useI18n (http://localhost:5173/src/contexts/I18nContext.tsx?t=1788037082179:55:15)
    at Services (http://localhost:5173/src/pages/Services.tsx?t=1788037082179:156:19)
    at renderWithHooks (http://localhost:5173/node_modules/.vite/deps/chunk-TKA7E7G6.js?v=779908e4:11596:26)
    at mountIndeterminateComponent (http://localhost:5173/node_modules/.vite/deps/chunk-TKA7E7G6.js?v=779908e4:14974:21)
    at beginWork (http://localhost:5173/node_modules/.vite/deps/chunk-TKA7E7G6.js?v=779908e4:15962:22)
    at HTMLUnknownElement.callCallback2 (http://localhost:5173/node_modules/.vite/deps/chunk-TKA7E7G6.js?v=779908e4:3680:22)
    at Object.invokeGuardedCallbackDev (http://localhost:5173/node_modules/.vite/deps/chunk-TKA7E7G6.js?v=779908e4:3705:24)
    at invokeGuardedCallback (http://localhost:5173/node_modules/.vite/deps/chunk-TKA7E7G6.js?v=779908e4:3739:39)
    at beginWork$1 (http://localhost:5173/node_modules/.vite/deps/chunk-TKA7E7G6.js?v=779908e4:19818:15)
    at performUnitOfWork (http://localhost:5173/node_modules/.vite/deps/chunk-TKA7E7G6.js?v=779908e4:19251:20)
[   91900ms] [ERROR] The above error occurred in the <Header> component:

    at Header (http://localhost:5173/src/components/Layout/Header.tsx?t=1788037082179:57:19)
    at div
    at Layout (http://localhost:5173/src/components/Layout/index.tsx?t=1788037082179:5:26)
    at RenderedRoute (http://localhost:5173/node_modules/.vite/deps/react-router-dom.js?v=779908e4:6264:26)
    at Routes (http://localhost:5173/node_modules/.vite/deps/react-router-dom.js?v=779908e4:7107:3)
    at Router (http://localhost:5173/node_modules/.vite/deps/react-router-dom.js?v=779908e4:7048:13)
    at BrowserRouter (http://localhost:5173/node_modules/.vite/deps/react-router-dom.js?v=779908e4:10154:3)
    at ContentProvider (http://localhost:5173/src/contexts/ContentContext.tsx?t=1788037093605:7:35)
    at AuthProvider (http://localhost:5173/src/contexts/AuthContext.tsx:6:32)
    at CurrencyProvider (http://localhost:5173/src/contexts/CurrencyContext.tsx?t=1788037093605:15:36)
    at I18nProvider (http://localhost:5173/src/contexts/I18nContext.tsx?t=1788037093605:6:32)
    at _HelmetProvider (http://localhost:5173/node_modules/.vite/deps/react-helmet-async.js?v=779908e4:624:5)
    at App
    at _HelmetProvider (http://localhost:5173/node_modules/.vite/deps/react-helmet-async.js?v=779908e4:624:5)

Consider adding an error boundary to your tree to customize error handling behavior.
Visit https://reactjs.org/link/error-boundaries to learn more about error boundaries. @ http://localhost:5173/node_modules/.vite/deps/chunk-TKA7E7G6.js?v=779908e4:14079
[   91900ms] [ERROR] The above error occurred in the <Services> component:

    at Services (http://localhost:5173/src/pages/Services.tsx?t=1788037082179:156:19)
    at RenderedRoute (http://localhost:5173/node_modules/.vite/deps/react-router-dom.js?v=779908e4:6264:26)
    at Routes (http://localhost:5173/node_modules/.vite/deps/react-router-dom.js?v=779908e4:7107:3)
    at Suspense
    at main
    at div
    at Layout (http://localhost:5173/src/components/Layout/index.tsx?t=1788037082179:5:26)
    at RenderedRoute (http://localhost:5173/node_modules/.vite/deps/react-router-dom.js?v=779908e4:6264:26)
    at Routes (http://localhost:5173/node_modules/.vite/deps/react-router-dom.js?v=779908e4:7107:3)
    at Router (http://localhost:5173/node_modules/.vite/deps/react-router-dom.js?v=779908e4:7048:13)
    at BrowserRouter (http://localhost:5173/node_modules/.vite/deps/react-router-dom.js?v=779908e4:10154:3)
    at ContentProvider (http://localhost:5173/src/contexts/ContentContext.tsx?t=1788037093605:7:35)
    at AuthProvider (http://localhost:5173/src/contexts/AuthContext.tsx:6:32)
    at CurrencyProvider (http://localhost:5173/src/contexts/CurrencyContext.tsx?t=1788037093605:15:36)
    at I18nProvider (http://localhost:5173/src/contexts/I18nContext.tsx?t=1788037093605:6:32)
    at _HelmetProvider (http://localhost:5173/node_modules/.vite/deps/react-helmet-async.js?v=779908e4:624:5)
    at App
    at _HelmetProvider (http://localhost:5173/node_modules/.vite/deps/react-helmet-async.js?v=779908e4:624:5)

Consider adding an error boundary to your tree to customize error handling behavior.
Visit https://reactjs.org/link/error-boundaries to learn more about error boundaries. @ http://localhost:5173/node_modules/.vite/deps/chunk-TKA7E7G6.js?v=779908e4:14079
[   91901ms] Error: useI18n must be used within I18nProvider
    at useI18n (http://localhost:5173/src/contexts/I18nContext.tsx?t=1788037082179:55:15)
    at Header (http://localhost:5173/src/components/Layout/Header.tsx?t=1788037082179:57:19)
    at renderWithHooks (http://localhost:5173/node_modules/.vite/deps/chunk-TKA7E7G6.js?v=779908e4:11596:26)
    at mountIndeterminateComponent (http://localhost:5173/node_modules/.vite/deps/chunk-TKA7E7G6.js?v=779908e4:14974:21)
    at beginWork (http://localhost:5173/node_modules/.vite/deps/chunk-TKA7E7G6.js?v=779908e4:15962:22)
    at beginWork$1 (http://localhost:5173/node_modules/.vite/deps/chunk-TKA7E7G6.js?v=779908e4:19806:22)
    at performUnitOfWork (http://localhost:5173/node_modules/.vite/deps/chunk-TKA7E7G6.js?v=779908e4:19251:20)
    at workLoopSync (http://localhost:5173/node_modules/.vite/deps/chunk-TKA7E7G6.js?v=779908e4:19190:13)
    at renderRootSync (http://localhost:5173/node_modules/.vite/deps/chunk-TKA7E7G6.js?v=779908e4:19169:15)
    at recoverFromConcurrentError (http://localhost:5173/node_modules/.vite/deps/chunk-TKA7E7G6.js?v=779908e4:18786:28)
[   91979ms] [ERROR] Failed to load resource: net::ERR_CONNECTION_REFUSED @ http://localhost:8080/api/v1/content?locale=en:0
