[     179ms] [INFO] %cDownload the React DevTools for a better development experience: https://reactjs.org/link/react-devtools font-weight:bold @ http://localhost:5173/node_modules/.vite/deps/chunk-TKA7E7G6.js?v=779908e4:21608
[     553ms] [ERROR] Failed to load resource: net::ERR_CONNECTION_REFUSED @ http://localhost:8080/api/v1/content?locale=en:0
[  158432ms] Error: useI18n must be used within I18nProvider
    at useI18n (http://localhost:5173/src/contexts/I18nContext.tsx?t=1788037205693:55:15)
    at Header (http://localhost:5173/src/components/Layout/Header.tsx?t=1788037294923:57:19)
    at renderWithHooks (http://localhost:5173/node_modules/.vite/deps/chunk-TKA7E7G6.js?v=779908e4:11596:26)
    at mountIndeterminateComponent (http://localhost:5173/node_modules/.vite/deps/chunk-TKA7E7G6.js?v=779908e4:14974:21)
    at beginWork (http://localhost:5173/node_modules/.vite/deps/chunk-TKA7E7G6.js?v=779908e4:15962:22)
    at HTMLUnknownElement.callCallback2 (http://localhost:5173/node_modules/.vite/deps/chunk-TKA7E7G6.js?v=779908e4:3680:22)
    at Object.invokeGuardedCallbackDev (http://localhost:5173/node_modules/.vite/deps/chunk-TKA7E7G6.js?v=779908e4:3705:24)
    at invokeGuardedCallback (http://localhost:5173/node_modules/.vite/deps/chunk-TKA7E7G6.js?v=779908e4:3739:39)
    at beginWork$1 (http://localhost:5173/node_modules/.vite/deps/chunk-TKA7E7G6.js?v=779908e4:19818:15)
    at performUnitOfWork (http://localhost:5173/node_modules/.vite/deps/chunk-TKA7E7G6.js?v=779908e4:19251:20)
[  158439ms] Error: useI18n must be used within I18nProvider
    at useI18n (http://localhost:5173/src/contexts/I18nContext.tsx?t=1788037205693:55:15)
    at Header (http://localhost:5173/src/components/Layout/Header.tsx?t=1788037294923:57:19)
    at renderWithHooks (http://localhost:5173/node_modules/.vite/deps/chunk-TKA7E7G6.js?v=779908e4:11596:26)
    at mountIndeterminateComponent (http://localhost:5173/node_modules/.vite/deps/chunk-TKA7E7G6.js?v=779908e4:14974:21)
    at beginWork (http://localhost:5173/node_modules/.vite/deps/chunk-TKA7E7G6.js?v=779908e4:15962:22)
    at HTMLUnknownElement.callCallback2 (http://localhost:5173/node_modules/.vite/deps/chunk-TKA7E7G6.js?v=779908e4:3680:22)
    at Object.invokeGuardedCallbackDev (http://localhost:5173/node_modules/.vite/deps/chunk-TKA7E7G6.js?v=779908e4:3705:24)
    at invokeGuardedCallback (http://localhost:5173/node_modules/.vite/deps/chunk-TKA7E7G6.js?v=779908e4:3739:39)
    at beginWork$1 (http://localhost:5173/node_modules/.vite/deps/chunk-TKA7E7G6.js?v=779908e4:19818:15)
    at performUnitOfWork (http://localhost:5173/node_modules/.vite/deps/chunk-TKA7E7G6.js?v=779908e4:19251:20)
[  158441ms] [ERROR] The above error occurred in the <Header> component:

    at Header (http://localhost:5173/src/components/Layout/Header.tsx?t=1788037294923:57:19)
    at div
    at Layout (http://localhost:5173/src/components/Layout/index.tsx?t=1788037294926:5:26)
    at RenderedRoute (http://localhost:5173/node_modules/.vite/deps/react-router-dom.js?v=779908e4:6264:26)
    at Routes (http://localhost:5173/node_modules/.vite/deps/react-router-dom.js?v=779908e4:7107:3)
    at Router (http://localhost:5173/node_modules/.vite/deps/react-router-dom.js?v=779908e4:7048:13)
    at BrowserRouter (http://localhost:5173/node_modules/.vite/deps/react-router-dom.js?v=779908e4:10154:3)
    at ContentProvider (http://localhost:5173/src/contexts/ContentContext.tsx?t=1788037481409:7:35)
    at AuthProvider (http://localhost:5173/src/contexts/AuthContext.tsx:6:32)
    at CurrencyProvider (http://localhost:5173/src/contexts/CurrencyContext.tsx?t=1788037481409:15:36)
    at I18nProvider (http://localhost:5173/src/contexts/I18nContext.tsx?t=1788037481409:6:32)
    at _HelmetProvider (http://localhost:5173/node_modules/.vite/deps/react-helmet-async.js?v=779908e4:624:5)
    at App
    at _HelmetProvider (http://localhost:5173/node_modules/.vite/deps/react-helmet-async.js?v=779908e4:624:5)

Consider adding an error boundary to your tree to customize error handling behavior.
Visit https://reactjs.org/link/error-boundaries to learn more about error boundaries. @ http://localhost:5173/node_modules/.vite/deps/chunk-TKA7E7G6.js?v=779908e4:14079
[  158456ms] Error: useI18n must be used within I18nProvider
    at useI18n (http://localhost:5173/src/contexts/I18nContext.tsx?t=1788037205693:55:15)
    at Header (http://localhost:5173/src/components/Layout/Header.tsx?t=1788037294923:57:19)
    at renderWithHooks (http://localhost:5173/node_modules/.vite/deps/chunk-TKA7E7G6.js?v=779908e4:11596:26)
    at mountIndeterminateComponent (http://localhost:5173/node_modules/.vite/deps/chunk-TKA7E7G6.js?v=779908e4:14974:21)
    at beginWork (http://localhost:5173/node_modules/.vite/deps/chunk-TKA7E7G6.js?v=779908e4:15962:22)
    at beginWork$1 (http://localhost:5173/node_modules/.vite/deps/chunk-TKA7E7G6.js?v=779908e4:19806:22)
    at performUnitOfWork (http://localhost:5173/node_modules/.vite/deps/chunk-TKA7E7G6.js?v=779908e4:19251:20)
    at workLoopSync (http://localhost:5173/node_modules/.vite/deps/chunk-TKA7E7G6.js?v=779908e4:19190:13)
    at renderRootSync (http://localhost:5173/node_modules/.vite/deps/chunk-TKA7E7G6.js?v=779908e4:19169:15)
    at recoverFromConcurrentError (http://localhost:5173/node_modules/.vite/deps/chunk-TKA7E7G6.js?v=779908e4:18786:28)
[  158543ms] Error: useI18n must be used within I18nProvider
    at useI18n (http://localhost:5173/src/contexts/I18nContext.tsx?t=1788037481409:55:15)
    at CurrencyProvider (http://localhost:5173/src/contexts/CurrencyContext.tsx?t=1788037481409:17:35)
    at renderWithHooks (http://localhost:5173/node_modules/.vite/deps/chunk-TKA7E7G6.js?v=779908e4:11596:26)
    at mountIndeterminateComponent (http://localhost:5173/node_modules/.vite/deps/chunk-TKA7E7G6.js?v=779908e4:14974:21)
    at beginWork (http://localhost:5173/node_modules/.vite/deps/chunk-TKA7E7G6.js?v=779908e4:15962:22)
    at HTMLUnknownElement.callCallback2 (http://localhost:5173/node_modules/.vite/deps/chunk-TKA7E7G6.js?v=779908e4:3680:22)
    at Object.invokeGuardedCallbackDev (http://localhost:5173/node_modules/.vite/deps/chunk-TKA7E7G6.js?v=779908e4:3705:24)
    at invokeGuardedCallback (http://localhost:5173/node_modules/.vite/deps/chunk-TKA7E7G6.js?v=779908e4:3739:39)
    at beginWork$1 (http://localhost:5173/node_modules/.vite/deps/chunk-TKA7E7G6.js?v=779908e4:19818:15)
    at performUnitOfWork (http://localhost:5173/node_modules/.vite/deps/chunk-TKA7E7G6.js?v=779908e4:19251:20)
[  158544ms] Error: useI18n must be used within I18nProvider
    at useI18n (http://localhost:5173/src/contexts/I18nContext.tsx?t=1788037481409:55:15)
    at CurrencyProvider (http://localhost:5173/src/contexts/CurrencyContext.tsx?t=1788037481409:17:35)
    at renderWithHooks (http://localhost:5173/node_modules/.vite/deps/chunk-TKA7E7G6.js?v=779908e4:11596:26)
    at mountIndeterminateComponent (http://localhost:5173/node_modules/.vite/deps/chunk-TKA7E7G6.js?v=779908e4:14974:21)
    at beginWork (http://localhost:5173/node_modules/.vite/deps/chunk-TKA7E7G6.js?v=779908e4:15962:22)
    at HTMLUnknownElement.callCallback2 (http://localhost:5173/node_modules/.vite/deps/chunk-TKA7E7G6.js?v=779908e4:3680:22)
    at Object.invokeGuardedCallbackDev (http://localhost:5173/node_modules/.vite/deps/chunk-TKA7E7G6.js?v=779908e4:3705:24)
    at invokeGuardedCallback (http://localhost:5173/node_modules/.vite/deps/chunk-TKA7E7G6.js?v=779908e4:3739:39)
    at beginWork$1 (http://localhost:5173/node_modules/.vite/deps/chunk-TKA7E7G6.js?v=779908e4:19818:15)
    at performUnitOfWork (http://localhost:5173/node_modules/.vite/deps/chunk-TKA7E7G6.js?v=779908e4:19251:20)
[  158544ms] [ERROR] The above error occurred in the <CurrencyProvider> component:

    at CurrencyProvider (http://localhost:5173/src/contexts/CurrencyContext.tsx?t=1788037481409:15:36)
    at I18nProvider (http://localhost:5173/src/contexts/I18nContext.tsx?t=1788037481406:6:32)
    at _HelmetProvider (http://localhost:5173/node_modules/.vite/deps/react-helmet-async.js?v=779908e4:624:5)
    at App
    at _HelmetProvider (http://localhost:5173/node_modules/.vite/deps/react-helmet-async.js?v=779908e4:624:5)

Consider adding an error boundary to your tree to customize error handling behavior.
Visit https://reactjs.org/link/error-boundaries to learn more about error boundaries. @ http://localhost:5173/node_modules/.vite/deps/chunk-TKA7E7G6.js?v=779908e4:14079
[  158546ms] Error: useI18n must be used within I18nProvider
    at useI18n (http://localhost:5173/src/contexts/I18nContext.tsx?t=1788037481409:55:15)
    at CurrencyProvider (http://localhost:5173/src/contexts/CurrencyContext.tsx?t=1788037481409:17:35)
    at renderWithHooks (http://localhost:5173/node_modules/.vite/deps/chunk-TKA7E7G6.js?v=779908e4:11596:26)
    at mountIndeterminateComponent (http://localhost:5173/node_modules/.vite/deps/chunk-TKA7E7G6.js?v=779908e4:14974:21)
    at beginWork (http://localhost:5173/node_modules/.vite/deps/chunk-TKA7E7G6.js?v=779908e4:15962:22)
    at beginWork$1 (http://localhost:5173/node_modules/.vite/deps/chunk-TKA7E7G6.js?v=779908e4:19806:22)
    at performUnitOfWork (http://localhost:5173/node_modules/.vite/deps/chunk-TKA7E7G6.js?v=779908e4:19251:20)
    at workLoopSync (http://localhost:5173/node_modules/.vite/deps/chunk-TKA7E7G6.js?v=779908e4:19190:13)
    at renderRootSync (http://localhost:5173/node_modules/.vite/deps/chunk-TKA7E7G6.js?v=779908e4:19169:15)
    at recoverFromConcurrentError (http://localhost:5173/node_modules/.vite/deps/chunk-TKA7E7G6.js?v=779908e4:18786:28)
[  158580ms] Error: useI18n must be used within I18nProvider
    at useI18n (http://localhost:5173/src/contexts/I18nContext.tsx?t=1788037481409:55:15)
    at CurrencyProvider (http://localhost:5173/src/contexts/CurrencyContext.tsx?t=1788037481409:17:35)
    at renderWithHooks (http://localhost:5173/node_modules/.vite/deps/chunk-TKA7E7G6.js?v=779908e4:11596:26)
    at mountIndeterminateComponent (http://localhost:5173/node_modules/.vite/deps/chunk-TKA7E7G6.js?v=779908e4:14974:21)
    at beginWork (http://localhost:5173/node_modules/.vite/deps/chunk-TKA7E7G6.js?v=779908e4:15962:22)
    at HTMLUnknownElement.callCallback2 (http://localhost:5173/node_modules/.vite/deps/chunk-TKA7E7G6.js?v=779908e4:3680:22)
    at Object.invokeGuardedCallbackDev (http://localhost:5173/node_modules/.vite/deps/chunk-TKA7E7G6.js?v=779908e4:3705:24)
    at invokeGuardedCallback (http://localhost:5173/node_modules/.vite/deps/chunk-TKA7E7G6.js?v=779908e4:3739:39)
    at beginWork$1 (http://localhost:5173/node_modules/.vite/deps/chunk-TKA7E7G6.js?v=779908e4:19818:15)
    at performUnitOfWork (http://localhost:5173/node_modules/.vite/deps/chunk-TKA7E7G6.js?v=779908e4:19251:20)
[  158580ms] Error: useI18n must be used within I18nProvider
    at useI18n (http://localhost:5173/src/contexts/I18nContext.tsx?t=1788037481409:55:15)
    at CurrencyProvider (http://localhost:5173/src/contexts/CurrencyContext.tsx?t=1788037481409:17:35)
    at renderWithHooks (http://localhost:5173/node_modules/.vite/deps/chunk-TKA7E7G6.js?v=779908e4:11596:26)
    at mountIndeterminateComponent (http://localhost:5173/node_modules/.vite/deps/chunk-TKA7E7G6.js?v=779908e4:14974:21)
    at beginWork (http://localhost:5173/node_modules/.vite/deps/chunk-TKA7E7G6.js?v=779908e4:15962:22)
    at HTMLUnknownElement.callCallback2 (http://localhost:5173/node_modules/.vite/deps/chunk-TKA7E7G6.js?v=779908e4:3680:22)
    at Object.invokeGuardedCallbackDev (http://localhost:5173/node_modules/.vite/deps/chunk-TKA7E7G6.js?v=779908e4:3705:24)
    at invokeGuardedCallback (http://localhost:5173/node_modules/.vite/deps/chunk-TKA7E7G6.js?v=779908e4:3739:39)
    at beginWork$1 (http://localhost:5173/node_modules/.vite/deps/chunk-TKA7E7G6.js?v=779908e4:19818:15)
    at performUnitOfWork (http://localhost:5173/node_modules/.vite/deps/chunk-TKA7E7G6.js?v=779908e4:19251:20)
[  158580ms] [ERROR] The above error occurred in the <CurrencyProvider> component:

    at CurrencyProvider (http://localhost:5173/src/contexts/CurrencyContext.tsx?t=1788037481409:15:36)
    at I18nProvider (http://localhost:5173/src/contexts/I18nContext.tsx?t=1788037481406:6:32)
    at _HelmetProvider (http://localhost:5173/node_modules/.vite/deps/react-helmet-async.js?v=779908e4:624:5)
    at App
    at _HelmetProvider (http://localhost:5173/node_modules/.vite/deps/react-helmet-async.js?v=779908e4:624:5)

Consider adding an error boundary to your tree to customize error handling behavior.
Visit https://reactjs.org/link/error-boundaries to learn more about error boundaries. @ http://localhost:5173/node_modules/.vite/deps/chunk-TKA7E7G6.js?v=779908e4:14079
[  158580ms] Error: useI18n must be used within I18nProvider
    at useI18n (http://localhost:5173/src/contexts/I18nContext.tsx?t=1788037481409:55:15)
    at CurrencyProvider (http://localhost:5173/src/contexts/CurrencyContext.tsx?t=1788037481409:17:35)
    at renderWithHooks (http://localhost:5173/node_modules/.vite/deps/chunk-TKA7E7G6.js?v=779908e4:11596:26)
    at mountIndeterminateComponent (http://localhost:5173/node_modules/.vite/deps/chunk-TKA7E7G6.js?v=779908e4:14974:21)
    at beginWork (http://localhost:5173/node_modules/.vite/deps/chunk-TKA7E7G6.js?v=779908e4:15962:22)
    at beginWork$1 (http://localhost:5173/node_modules/.vite/deps/chunk-TKA7E7G6.js?v=779908e4:19806:22)
    at performUnitOfWork (http://localhost:5173/node_modules/.vite/deps/chunk-TKA7E7G6.js?v=779908e4:19251:20)
    at workLoopSync (http://localhost:5173/node_modules/.vite/deps/chunk-TKA7E7G6.js?v=779908e4:19190:13)
    at renderRootSync (http://localhost:5173/node_modules/.vite/deps/chunk-TKA7E7G6.js?v=779908e4:19169:15)
    at recoverFromConcurrentError (http://localhost:5173/node_modules/.vite/deps/chunk-TKA7E7G6.js?v=779908e4:18786:28)
[  158628ms] Error: useI18n must be used within I18nProvider
    at useI18n (http://localhost:5173/src/contexts/I18nContext.tsx?t=1788037481409:55:15)
    at CurrencyProvider (http://localhost:5173/src/contexts/CurrencyContext.tsx?t=1788037481409:17:35)
    at renderWithHooks (http://localhost:5173/node_modules/.vite/deps/chunk-TKA7E7G6.js?v=779908e4:11596:26)
    at mountIndeterminateComponent (http://localhost:5173/node_modules/.vite/deps/chunk-TKA7E7G6.js?v=779908e4:14974:21)
    at beginWork (http://localhost:5173/node_modules/.vite/deps/chunk-TKA7E7G6.js?v=779908e4:15962:22)
    at HTMLUnknownElement.callCallback2 (http://localhost:5173/node_modules/.vite/deps/chunk-TKA7E7G6.js?v=779908e4:3680:22)
    at Object.invokeGuardedCallbackDev (http://localhost:5173/node_modules/.vite/deps/chunk-TKA7E7G6.js?v=779908e4:3705:24)
    at invokeGuardedCallback (http://localhost:5173/node_modules/.vite/deps/chunk-TKA7E7G6.js?v=779908e4:3739:39)
    at beginWork$1 (http://localhost:5173/node_modules/.vite/deps/chunk-TKA7E7G6.js?v=779908e4:19818:15)
    at performUnitOfWork (http://localhost:5173/node_modules/.vite/deps/chunk-TKA7E7G6.js?v=779908e4:19251:20)
[  158629ms] Error: useI18n must be used within I18nProvider
    at useI18n (http://localhost:5173/src/contexts/I18nContext.tsx?t=1788037481409:55:15)
    at CurrencyProvider (http://localhost:5173/src/contexts/CurrencyContext.tsx?t=1788037481409:17:35)
    at renderWithHooks (http://localhost:5173/node_modules/.vite/deps/chunk-TKA7E7G6.js?v=779908e4:11596:26)
    at mountIndeterminateComponent (http://localhost:5173/node_modules/.vite/deps/chunk-TKA7E7G6.js?v=779908e4:14974:21)
    at beginWork (http://localhost:5173/node_modules/.vite/deps/chunk-TKA7E7G6.js?v=779908e4:15962:22)
    at HTMLUnknownElement.callCallback2 (http://localhost:5173/node_modules/.vite/deps/chunk-TKA7E7G6.js?v=779908e4:3680:22)
    at Object.invokeGuardedCallbackDev (http://localhost:5173/node_modules/.vite/deps/chunk-TKA7E7G6.js?v=779908e4:3705:24)
    at invokeGuardedCallback (http://localhost:5173/node_modules/.vite/deps/chunk-TKA7E7G6.js?v=779908e4:3739:39)
    at beginWork$1 (http://localhost:5173/node_modules/.vite/deps/chunk-TKA7E7G6.js?v=779908e4:19818:15)
    at performUnitOfWork (http://localhost:5173/node_modules/.vite/deps/chunk-TKA7E7G6.js?v=779908e4:19251:20)
[  158629ms] [ERROR] The above error occurred in the <CurrencyProvider> component:

    at CurrencyProvider (http://localhost:5173/src/contexts/CurrencyContext.tsx?t=1788037481409:15:36)
    at I18nProvider (http://localhost:5173/src/contexts/I18nContext.tsx?t=1788037481406:6:32)
    at _HelmetProvider (http://localhost:5173/node_modules/.vite/deps/react-helmet-async.js?v=779908e4:624:5)
    at App
    at _HelmetProvider (http://localhost:5173/node_modules/.vite/deps/react-helmet-async.js?v=779908e4:624:5)

Consider adding an error boundary to your tree to customize error handling behavior.
Visit https://reactjs.org/link/error-boundaries to learn more about error boundaries. @ http://localhost:5173/node_modules/.vite/deps/chunk-TKA7E7G6.js?v=779908e4:14079
[  158629ms] Error: useI18n must be used within I18nProvider
    at useI18n (http://localhost:5173/src/contexts/I18nContext.tsx?t=1788037481409:55:15)
    at CurrencyProvider (http://localhost:5173/src/contexts/CurrencyContext.tsx?t=1788037481409:17:35)
    at renderWithHooks (http://localhost:5173/node_modules/.vite/deps/chunk-TKA7E7G6.js?v=779908e4:11596:26)
    at mountIndeterminateComponent (http://localhost:5173/node_modules/.vite/deps/chunk-TKA7E7G6.js?v=779908e4:14974:21)
    at beginWork (http://localhost:5173/node_modules/.vite/deps/chunk-TKA7E7G6.js?v=779908e4:15962:22)
    at beginWork$1 (http://localhost:5173/node_modules/.vite/deps/chunk-TKA7E7G6.js?v=779908e4:19806:22)
    at performUnitOfWork (http://localhost:5173/node_modules/.vite/deps/chunk-TKA7E7G6.js?v=779908e4:19251:20)
    at workLoopSync (http://localhost:5173/node_modules/.vite/deps/chunk-TKA7E7G6.js?v=779908e4:19190:13)
    at renderRootSync (http://localhost:5173/node_modules/.vite/deps/chunk-TKA7E7G6.js?v=779908e4:19169:15)
    at recoverFromConcurrentError (http://localhost:5173/node_modules/.vite/deps/chunk-TKA7E7G6.js?v=779908e4:18786:28)
